// Jest Snapshot v1, https://goo.gl/fbAQLP

exports[`The <Button /> component Should render the button and the content user will see 1`] = `
<DocumentFragment>
  <button
    class="button"
    data-testid="button"
  >
    <span
      data-testid="content"
    >
      click
    </span>
  </button>
</DocumentFragment>
`;
